error[E0599]: no function or associated item named `authorize_call1` found for associated type `<T as pallet::Config>::WeightInfo` in the current scope
  --> tests/pallet_ui/authorize_wrong_weight_info.rs:34:26
   |
34 |     #[pallet::call(weight = T::WeightInfo)]
   |                             ^ function or associated item not found in `<T as Config>::WeightInfo`
