error: Invalid generic declaration, trait is defined with instance but generic use none
  --> tests/pallet_ui/aaaa.rs:32:11
   |
32 |     pub enum Task<T> {}
   |              ^^^^
